Archive member included because of file (symbol)

c:/winavr-20100110/bin/../lib/gcc/avr/4.3.3/avr5\libgcc.a(_udivmodhi4.o)
                              ./HAL/UltrasonicSensor_Driver/Ultrasonic_program.o (__udivmodhi4)
c:/winavr-20100110/bin/../lib/gcc/avr/4.3.3/avr5\libgcc.a(_divmodhi4.o)
                              ./HAL/LCD_Driver/LCD.o (__divmodhi4)
c:/winavr-20100110/bin/../lib/gcc/avr/4.3.3/avr5\libgcc.a(_exit.o)
                              c:/winavr-20100110/bin/../lib/gcc/avr/4.3.3/../../../../avr/lib/avr5/crtm32.o (exit)
c:/winavr-20100110/bin/../lib/gcc/avr/4.3.3/avr5\libgcc.a(_copy_data.o)
                              ./HAL/DCMotor_Driver/DcMotor_Program.o (__do_copy_data)
c:/winavr-20100110/bin/../lib/gcc/avr/4.3.3/avr5\libgcc.a(_clear_bss.o)
                              ./MCAL/Timer_Driver/Timer_program.o (__do_clear_bss)
c:/winavr-20100110/bin/../lib/gcc/avr/4.3.3/avr5\libgcc.a(_gt_sf.o)
                              ./Application_Layer/App.o (__gtsf2)
c:/winavr-20100110/bin/../lib/gcc/avr/4.3.3/avr5\libgcc.a(_lt_sf.o)
                              ./Application_Layer/App.o (__ltsf2)
c:/winavr-20100110/bin/../lib/gcc/avr/4.3.3/avr5\libgcc.a(_sf_to_si.o)
                              ./Application_Layer/App.o (__fixsfsi)
c:/winavr-20100110/bin/../lib/gcc/avr/4.3.3/avr5\libgcc.a(_usi_to_sf.o)
                              ./Application_Layer/App.o (__floatunsisf)
c:/winavr-20100110/bin/../lib/gcc/avr/4.3.3/avr5\libgcc.a(_prologue.o)
                              c:/winavr-20100110/bin/../lib/gcc/avr/4.3.3/avr5\libgcc.a(_gt_sf.o) (__prologue_saves__)
c:/winavr-20100110/bin/../lib/gcc/avr/4.3.3/avr5\libgcc.a(_epilogue.o)
                              c:/winavr-20100110/bin/../lib/gcc/avr/4.3.3/avr5\libgcc.a(_gt_sf.o) (__epilogue_restores__)
c:/winavr-20100110/bin/../lib/gcc/avr/4.3.3/avr5\libgcc.a(_clzsi2.o)
                              c:/winavr-20100110/bin/../lib/gcc/avr/4.3.3/avr5\libgcc.a(_usi_to_sf.o) (__clzsi2)
c:/winavr-20100110/bin/../lib/gcc/avr/4.3.3/avr5\libgcc.a(_pack_sf.o)
                              c:/winavr-20100110/bin/../lib/gcc/avr/4.3.3/avr5\libgcc.a(_usi_to_sf.o) (__pack_f)
c:/winavr-20100110/bin/../lib/gcc/avr/4.3.3/avr5\libgcc.a(_unpack_sf.o)
                              c:/winavr-20100110/bin/../lib/gcc/avr/4.3.3/avr5\libgcc.a(_gt_sf.o) (__unpack_f)
c:/winavr-20100110/bin/../lib/gcc/avr/4.3.3/avr5\libgcc.a(_fpcmp_parts_sf.o)
                              c:/winavr-20100110/bin/../lib/gcc/avr/4.3.3/avr5\libgcc.a(_gt_sf.o) (__fpcmp_parts_f)
c:/winavr-20100110/bin/../lib/gcc/avr/4.3.3/avr5\libgcc.a(_clz.o)
                              c:/winavr-20100110/bin/../lib/gcc/avr/4.3.3/avr5\libgcc.a(_clzsi2.o) (__clz_tab)

Allocating common symbols
Common symbol       size              file

DistanceArr         0xa               ./Application_Layer/App.o
Distance            0x4               ./Application_Layer/App.o
DataRecieved        0x1               ./MCAL/SPI_Driver/SPI_Program.o

Memory Configuration

Name             Origin             Length             Attributes
text             0x00000000         0x00020000         xr
data             0x00800060         0x0000ffa0         rw !x
eeprom           0x00810000         0x00010000         rw !x
fuse             0x00820000         0x00000400         rw !x
lock             0x00830000         0x00000400         rw !x
signature        0x00840000         0x00000400         rw !x
*default*        0x00000000         0xffffffff

Linker script and memory map

LOAD c:/winavr-20100110/bin/../lib/gcc/avr/4.3.3/../../../../avr/lib/avr5/crtm32.o
LOAD ./MCAL/Timer_Driver/Timer_program.o
LOAD ./MCAL/SPI_Driver/SPI_Program.o
LOAD ./MCAL/GPIO_Driver/GPIO_Program.o
LOAD ./MCAL/Ex_Interrupt_Driver/EXTI_program.o
LOAD ./HAL/UltrasonicSensor_Driver/Ultrasonic_program.o
LOAD ./HAL/LED_Driver/LED_program.o
LOAD ./HAL/LCD_Driver/LCD.o
LOAD ./HAL/DCMotor_Driver/DcMotor_Program.o
LOAD ./HAL/Button_Driver/Btn_program.o
LOAD ./Application_Layer/App.o
LOAD ./main.o
LOAD c:/winavr-20100110/bin/../lib/gcc/avr/4.3.3/avr5\libgcc.a
LOAD c:/winavr-20100110/bin/../lib/gcc/avr/4.3.3/../../../../avr/lib/avr5\libc.a
LOAD c:/winavr-20100110/bin/../lib/gcc/avr/4.3.3/avr5\libgcc.a

.hash
 *(.hash)

.dynsym
 *(.dynsym)

.dynstr
 *(.dynstr)

.gnu.version
 *(.gnu.version)

.gnu.version_d
 *(.gnu.version_d)

.gnu.version_r
 *(.gnu.version_r)

.rel.init
 *(.rel.init)

.rela.init
 *(.rela.init)

.rel.text
 *(.rel.text)
 *(.rel.text.*)
 *(.rel.gnu.linkonce.t*)

.rela.text
 *(.rela.text)
 *(.rela.text.*)
 *(.rela.gnu.linkonce.t*)

.rel.fini
 *(.rel.fini)

.rela.fini
 *(.rela.fini)

.rel.rodata
 *(.rel.rodata)
 *(.rel.rodata.*)
 *(.rel.gnu.linkonce.r*)

.rela.rodata
 *(.rela.rodata)
 *(.rela.rodata.*)
 *(.rela.gnu.linkonce.r*)

.rel.data
 *(.rel.data)
 *(.rel.data.*)
 *(.rel.gnu.linkonce.d*)

.rela.data
 *(.rela.data)
 *(.rela.data.*)
 *(.rela.gnu.linkonce.d*)

.rel.ctors
 *(.rel.ctors)

.rela.ctors
 *(.rela.ctors)

.rel.dtors
 *(.rel.dtors)

.rela.dtors
 *(.rela.dtors)

.rel.got
 *(.rel.got)

.rela.got
 *(.rela.got)

.rel.bss
 *(.rel.bss)

.rela.bss
 *(.rela.bss)

.rel.plt
 *(.rel.plt)

.rela.plt
 *(.rela.plt)

.text           0x00000000     0x1b8c
 *(.vectors)
 .vectors       0x00000000       0x54 c:/winavr-20100110/bin/../lib/gcc/avr/4.3.3/../../../../avr/lib/avr5/crtm32.o
                0x00000000                __vectors
                0x00000000                __vector_default
 *(.vectors)
 *(.progmem.gcc*)
 *(.progmem*)
                0x00000054                . = ALIGN (0x2)
                0x00000054                __trampolines_start = .
 *(.trampolines)
 .trampolines   0x00000054        0x0 linker stubs
 *(.trampolines*)
                0x00000054                __trampolines_end = .
 *(.jumptables)
 *(.jumptables*)
 *(.lowtext)
 *(.lowtext*)
                0x00000054                __ctors_start = .
 *(.ctors)
                0x00000054                __ctors_end = .
                0x00000054                __dtors_start = .
 *(.dtors)
                0x00000054                __dtors_end = .
 SORT(*)(.ctors)
 SORT(*)(.dtors)
 *(.init0)
 .init0         0x00000054        0x0 c:/winavr-20100110/bin/../lib/gcc/avr/4.3.3/../../../../avr/lib/avr5/crtm32.o
                0x00000054                __init
 *(.init0)
 *(.init1)
 *(.init1)
 *(.init2)
 .init2         0x00000054        0xc c:/winavr-20100110/bin/../lib/gcc/avr/4.3.3/../../../../avr/lib/avr5/crtm32.o
 *(.init2)
 *(.init3)
 *(.init3)
 *(.init4)
 .init4         0x00000060       0x16 c:/winavr-20100110/bin/../lib/gcc/avr/4.3.3/avr5\libgcc.a(_copy_data.o)
                0x00000060                __do_copy_data
 .init4         0x00000076       0x10 c:/winavr-20100110/bin/../lib/gcc/avr/4.3.3/avr5\libgcc.a(_clear_bss.o)
                0x00000076                __do_clear_bss
 *(.init4)
 *(.init5)
 *(.init5)
 *(.init6)
 *(.init6)
 *(.init7)
 *(.init7)
 *(.init8)
 *(.init8)
 *(.init9)
 .init9         0x00000086        0x8 c:/winavr-20100110/bin/../lib/gcc/avr/4.3.3/../../../../avr/lib/avr5/crtm32.o
 *(.init9)
 *(.text)
 .text          0x0000008e        0x4 c:/winavr-20100110/bin/../lib/gcc/avr/4.3.3/../../../../avr/lib/avr5/crtm32.o
                0x0000008e                __bad_interrupt
                0x0000008e                __vector_6
                0x0000008e                __vector_13
                0x0000008e                __vector_17
                0x0000008e                __vector_19
                0x0000008e                __vector_15
                0x0000008e                __vector_14
                0x0000008e                __vector_16
                0x0000008e                __vector_18
                0x0000008e                __vector_20
 .text          0x00000092        0x0 ./MCAL/Timer_Driver/Timer_program.o
 .text          0x00000092        0x0 ./MCAL/SPI_Driver/SPI_Program.o
 .text          0x00000092        0x0 ./MCAL/GPIO_Driver/GPIO_Program.o
 .text          0x00000092        0x0 ./MCAL/Ex_Interrupt_Driver/EXTI_program.o
 .text          0x00000092        0x0 ./HAL/UltrasonicSensor_Driver/Ultrasonic_program.o
 .text          0x00000092        0x0 ./HAL/LED_Driver/LED_program.o
 .text          0x00000092        0x0 ./HAL/LCD_Driver/LCD.o
 .text          0x00000092        0x0 ./HAL/DCMotor_Driver/DcMotor_Program.o
 .text          0x00000092        0x0 ./HAL/Button_Driver/Btn_program.o
 .text          0x00000092        0x0 ./Application_Layer/App.o
 .text          0x00000092        0x0 ./main.o
 .text          0x00000092        0x0 c:/winavr-20100110/bin/../lib/gcc/avr/4.3.3/avr5\libgcc.a(_udivmodhi4.o)
 .text          0x00000092        0x0 c:/winavr-20100110/bin/../lib/gcc/avr/4.3.3/avr5\libgcc.a(_divmodhi4.o)
 .text          0x00000092        0x0 c:/winavr-20100110/bin/../lib/gcc/avr/4.3.3/avr5\libgcc.a(_exit.o)
 .text          0x00000092        0x0 c:/winavr-20100110/bin/../lib/gcc/avr/4.3.3/avr5\libgcc.a(_copy_data.o)
 .text          0x00000092        0x0 c:/winavr-20100110/bin/../lib/gcc/avr/4.3.3/avr5\libgcc.a(_clear_bss.o)
 .text          0x00000092       0x60 c:/winavr-20100110/bin/../lib/gcc/avr/4.3.3/avr5\libgcc.a(_gt_sf.o)
                0x00000092                __gtsf2
 .text          0x000000f2       0x60 c:/winavr-20100110/bin/../lib/gcc/avr/4.3.3/avr5\libgcc.a(_lt_sf.o)
                0x000000f2                __ltsf2
 .text          0x00000152       0xa8 c:/winavr-20100110/bin/../lib/gcc/avr/4.3.3/avr5\libgcc.a(_sf_to_si.o)
                0x00000152                __fixsfsi
 .text          0x000001fa       0xf2 c:/winavr-20100110/bin/../lib/gcc/avr/4.3.3/avr5\libgcc.a(_usi_to_sf.o)
                0x000001fa                __floatunsisf
 .text          0x000002ec        0x0 c:/winavr-20100110/bin/../lib/gcc/avr/4.3.3/avr5\libgcc.a(_prologue.o)
 .text          0x000002ec        0x0 c:/winavr-20100110/bin/../lib/gcc/avr/4.3.3/avr5\libgcc.a(_epilogue.o)
 .text          0x000002ec       0x9e c:/winavr-20100110/bin/../lib/gcc/avr/4.3.3/avr5\libgcc.a(_clzsi2.o)
                0x000002ec                __clzsi2
 .text          0x0000038a      0x1aa c:/winavr-20100110/bin/../lib/gcc/avr/4.3.3/avr5\libgcc.a(_pack_sf.o)
                0x0000038a                __pack_f
 .text          0x00000534       0xf0 c:/winavr-20100110/bin/../lib/gcc/avr/4.3.3/avr5\libgcc.a(_unpack_sf.o)
                0x00000534                __unpack_f
 .text          0x00000624       0xb2 c:/winavr-20100110/bin/../lib/gcc/avr/4.3.3/avr5\libgcc.a(_fpcmp_parts_sf.o)
                0x00000624                __fpcmp_parts_f
 .text          0x000006d6        0x0 c:/winavr-20100110/bin/../lib/gcc/avr/4.3.3/avr5\libgcc.a(_clz.o)
                0x000006d6                . = ALIGN (0x2)
 *(.text.*)
 .text.__vector_11
                0x000006d6       0x4e ./MCAL/Timer_Driver/Timer_program.o
                0x000006d6                __vector_11
 .text.__vector_10
                0x00000724       0x4e ./MCAL/Timer_Driver/Timer_program.o
                0x00000724                __vector_10
 .text.__vector_5
                0x00000772       0x4e ./MCAL/Timer_Driver/Timer_program.o
                0x00000772                __vector_5
 .text.__vector_4
                0x000007c0       0x4e ./MCAL/Timer_Driver/Timer_program.o
                0x000007c0                __vector_4
 .text.__vector_9
                0x0000080e       0x4e ./MCAL/Timer_Driver/Timer_program.o
                0x0000080e                __vector_9
 .text.__vector_7
                0x0000085c       0x4e ./MCAL/Timer_Driver/Timer_program.o
                0x0000085c                __vector_7
 .text.__vector_8
                0x000008aa       0x4e ./MCAL/Timer_Driver/Timer_program.o
                0x000008aa                __vector_8
 .text.Timer_voidStart
                0x000008f8       0x56 ./MCAL/Timer_Driver/Timer_program.o
                0x000008f8                Timer_voidStart
 .text.Timer_voidStop
                0x0000094e       0x56 ./MCAL/Timer_Driver/Timer_program.o
                0x0000094e                Timer_voidStop
 .text.Timer_voidSetCallBack
                0x000009a4       0x70 ./MCAL/Timer_Driver/Timer_program.o
                0x000009a4                Timer_voidSetCallBack
 .text.Timer_SetDutyCycle
                0x00000a14       0x1a ./MCAL/Timer_Driver/Timer_program.o
                0x00000a14                Timer_SetDutyCycle
 .text.Timer1_EnableInputCaptureMode
                0x00000a2e       0x10 ./MCAL/Timer_Driver/Timer_program.o
                0x00000a2e                Timer1_EnableInputCaptureMode
 .text.Timer1_WaitingRisingEdge
                0x00000a3e       0x16 ./MCAL/Timer_Driver/Timer_program.o
                0x00000a3e                Timer1_WaitingRisingEdge
 .text.Timer1_WaitingFallingEdge
                0x00000a54        0x8 ./MCAL/Timer_Driver/Timer_program.o
                0x00000a54                Timer1_WaitingFallingEdge
 .text.Timer1_GettingICU_Value
                0x00000a5c        0x4 ./MCAL/Timer_Driver/Timer_program.o
                0x00000a5c                Timer1_GettingICU_Value
 .text.Timer_voidClearCounter
                0x00000a60       0x1a ./MCAL/Timer_Driver/Timer_program.o
                0x00000a60                Timer_voidClearCounter
 .text.Timer_GettingCounter_Value
                0x00000a7a       0x24 ./MCAL/Timer_Driver/Timer_program.o
                0x00000a7a                Timer_GettingCounter_Value
 .text.Timer_voidInit
                0x00000a9e      0x17e ./MCAL/Timer_Driver/Timer_program.o
                0x00000a9e                Timer_voidInit
 .text.__vector_12
                0x00000c1c       0x14 ./MCAL/SPI_Driver/SPI_Program.o
                0x00000c1c                __vector_12
 .text.SPI_voidMasterSendData
                0x00000c30        0xa ./MCAL/SPI_Driver/SPI_Program.o
                0x00000c30                SPI_voidMasterSendData
 .text.SPI_voidSlaveSendData
                0x00000c3a        0xa ./MCAL/SPI_Driver/SPI_Program.o
                0x00000c3a                SPI_voidSlaveSendData
 .text.SPI_voidMasterReceivePolling
                0x00000c44        0xc ./MCAL/SPI_Driver/SPI_Program.o
                0x00000c44                SPI_voidMasterReceivePolling
 .text.SPI_voidSlaveReceivePolling
                0x00000c50        0x8 ./MCAL/SPI_Driver/SPI_Program.o
                0x00000c50                SPI_voidSlaveReceivePolling
 .text.SPI_voidSlaverInit
                0x00000c58       0x2e ./MCAL/SPI_Driver/SPI_Program.o
                0x00000c58                SPI_voidSlaverInit
 .text.SPI_voidMasterInit
                0x00000c86       0x3c ./MCAL/SPI_Driver/SPI_Program.o
                0x00000c86                SPI_voidMasterInit
 .text.GPIO_void_Set_Direction_PIN
                0x00000cc2       0xf8 ./MCAL/GPIO_Driver/GPIO_Program.o
                0x00000cc2                GPIO_void_Set_Direction_PIN
 .text.GPIO_void_Set_Value_PIN
                0x00000dba       0xf8 ./MCAL/GPIO_Driver/GPIO_Program.o
                0x00000dba                GPIO_void_Set_Value_PIN
 .text.GPIO_void_Set_PULL_UP
                0x00000eb2       0x72 ./MCAL/GPIO_Driver/GPIO_Program.o
                0x00000eb2                GPIO_void_Set_PULL_UP
 .text.GPIO_void_Toggle_PIN
                0x00000f24       0x72 ./MCAL/GPIO_Driver/GPIO_Program.o
                0x00000f24                GPIO_void_Toggle_PIN
 .text.GPIO_void_ReadPIN
                0x00000f96       0x40 ./MCAL/GPIO_Driver/GPIO_Program.o
                0x00000f96                GPIO_void_ReadPIN
 .text.GPIO_void_SET_PORT_VALUE
                0x00000fd6       0x2a ./MCAL/GPIO_Driver/GPIO_Program.o
                0x00000fd6                GPIO_void_SET_PORT_VALUE
 .text.GPIO_void_SET_PORT_DIR
                0x00001000       0x62 ./MCAL/GPIO_Driver/GPIO_Program.o
                0x00001000                GPIO_void_SET_PORT_DIR
 .text.__vector_1
                0x00001062       0x4e ./MCAL/Ex_Interrupt_Driver/EXTI_program.o
                0x00001062                __vector_1
 .text.__vector_2
                0x000010b0       0x4e ./MCAL/Ex_Interrupt_Driver/EXTI_program.o
                0x000010b0                __vector_2
 .text.__vector_3
                0x000010fe       0x4e ./MCAL/Ex_Interrupt_Driver/EXTI_program.o
                0x000010fe                __vector_3
 .text.EXTI_voidEnable_EXTI
                0x0000114c       0xb2 ./MCAL/Ex_Interrupt_Driver/EXTI_program.o
                0x0000114c                EXTI_voidEnable_EXTI
 .text.EXTI_voidDisable_EXTI
                0x000011fe       0x2a ./MCAL/Ex_Interrupt_Driver/EXTI_program.o
                0x000011fe                EXTI_voidDisable_EXTI
 .text.EXTI_voidSET_CallBack
                0x00001228       0x12 ./MCAL/Ex_Interrupt_Driver/EXTI_program.o
                0x00001228                EXTI_voidSET_CallBack
 .text.Timer_ISR
                0x0000123a        0xc ./HAL/UltrasonicSensor_Driver/Ultrasonic_program.o
 .text.Ultrasonic_u32GettingDistance
                0x00001246       0x12 ./HAL/UltrasonicSensor_Driver/Ultrasonic_program.o
                0x00001246                Ultrasonic_u32GettingDistance
 .text.Ultrasonic_voidTrig
                0x00001258       0x2a ./HAL/UltrasonicSensor_Driver/Ultrasonic_program.o
                0x00001258                Ultrasonic_voidTrig
 .text.Ultrasonic_voidInit
                0x00001282       0x4c ./HAL/UltrasonicSensor_Driver/Ultrasonic_program.o
                0x00001282                Ultrasonic_voidInit
 .text.EXT0_ISR
                0x000012ce       0x60 ./HAL/UltrasonicSensor_Driver/Ultrasonic_program.o
 .text.LED_voidToggle
                0x0000132e        0xa ./HAL/LED_Driver/LED_program.o
                0x0000132e                LED_voidToggle
 .text.LED_voidOff
                0x00001338        0xc ./HAL/LED_Driver/LED_program.o
                0x00001338                LED_voidOff
 .text.LED_voidOn
                0x00001344        0xc ./HAL/LED_Driver/LED_program.o
                0x00001344                LED_voidOn
 .text.LED_voidInit
                0x00001350        0xc ./HAL/LED_Driver/LED_program.o
                0x00001350                LED_voidInit
 .text.LCD_Send_Command
                0x0000135c       0x4c ./HAL/LCD_Driver/LCD.o
                0x0000135c                LCD_Send_Command
 .text.LCD_Init
                0x000013a8       0x2c ./HAL/LCD_Driver/LCD.o
                0x000013a8                LCD_Init
 .text.LCD_Clear_Display
                0x000013d4        0x8 ./HAL/LCD_Driver/LCD.o
                0x000013d4                LCD_Clear_Display
 .text.LCD_Send_character
                0x000013dc       0x48 ./HAL/LCD_Driver/LCD.o
                0x000013dc                LCD_Send_character
 .text.LCD_Send_String
                0x00001424       0x18 ./HAL/LCD_Driver/LCD.o
                0x00001424                LCD_Send_String
 .text.LCD_GoTO_Row_Colunmn
                0x0000143c       0x28 ./HAL/LCD_Driver/LCD.o
                0x0000143c                LCD_GoTO_Row_Colunmn
 .text.LCD_Send_String_Row_Column
                0x00001464       0x16 ./HAL/LCD_Driver/LCD.o
                0x00001464                LCD_Send_String_Row_Column
 .text.LCD_reverse
                0x0000147a       0x2e ./HAL/LCD_Driver/LCD.o
                0x0000147a                LCD_reverse
 .text.LCD_intToStr
                0x000014a8       0x6a ./HAL/LCD_Driver/LCD.o
                0x000014a8                LCD_intToStr
 .text.LCD_MergTwoStrings
                0x00001512       0x44 ./HAL/LCD_Driver/LCD.o
                0x00001512                LCD_MergTwoStrings
 .text.LCD_FloatToString
                0x00001556        0x2 ./HAL/LCD_Driver/LCD.o
                0x00001556                LCD_FloatToString
 .text.LCD_Set_Custom_Char
                0x00001558       0x3c ./HAL/LCD_Driver/LCD.o
                0x00001558                LCD_Set_Custom_Char
 .text.DcMotor_voidBackword
                0x00001594       0x2c ./HAL/DCMotor_Driver/DcMotor_Program.o
                0x00001594                DcMotor_voidBackword
 .text.DcMotor_voidForword
                0x000015c0       0x2c ./HAL/DCMotor_Driver/DcMotor_Program.o
                0x000015c0                DcMotor_voidForword
 .text.DcMotor_voidRotateLeft
                0x000015ec       0x10 ./HAL/DCMotor_Driver/DcMotor_Program.o
                0x000015ec                DcMotor_voidRotateLeft
 .text.DcMotor_voidRotateRight
                0x000015fc       0x10 ./HAL/DCMotor_Driver/DcMotor_Program.o
                0x000015fc                DcMotor_voidRotateRight
 .text.Dc_Motor_voidSetSpeed
                0x0000160c       0x4c ./HAL/DCMotor_Driver/DcMotor_Program.o
                0x0000160c                Dc_Motor_voidSetSpeed
 .text.DcMotor_voidInit
                0x00001658       0x3c ./HAL/DCMotor_Driver/DcMotor_Program.o
                0x00001658                DcMotor_voidInit
 .text.Btn_voidRead
                0x00001694        0x6 ./HAL/Button_Driver/Btn_program.o
                0x00001694                Btn_voidRead
 .text.Btn_voidInitPullUpOff
                0x0000169a        0x8 ./HAL/Button_Driver/Btn_program.o
                0x0000169a                Btn_voidInitPullUpOff
 .text.Btn_voidInitPullUpOn
                0x000016a2       0x1e ./HAL/Button_Driver/Btn_program.o
                0x000016a2                Btn_voidInitPullUpOn
 .text.Timer1ISR2
                0x000016c0       0x28 ./Application_Layer/App.o
                0x000016c0                Timer1ISR2
 .text.App_Start
                0x000016e8      0x2d6 ./Application_Layer/App.o
                0x000016e8                App_Start
 .text.App_Init
                0x000019be       0x5e ./Application_Layer/App.o
                0x000019be                App_Init
 .text.Timer1ISR
                0x00001a1c       0xa2 ./Application_Layer/App.o
                0x00001a1c                Timer1ISR
 .text.main     0x00001abe        0xe ./main.o
                0x00001abe                main
 .text.libgcc   0x00001acc       0x28 c:/winavr-20100110/bin/../lib/gcc/avr/4.3.3/avr5\libgcc.a(_udivmodhi4.o)
                0x00001acc                __udivmodhi4
 .text.libgcc   0x00001af4       0x26 c:/winavr-20100110/bin/../lib/gcc/avr/4.3.3/avr5\libgcc.a(_divmodhi4.o)
                0x00001af4                __divmodhi4
                0x00001af4                _div
 .text.libgcc   0x00001b1a        0x0 c:/winavr-20100110/bin/../lib/gcc/avr/4.3.3/avr5\libgcc.a(_exit.o)
 .text.libgcc   0x00001b1a        0x0 c:/winavr-20100110/bin/../lib/gcc/avr/4.3.3/avr5\libgcc.a(_copy_data.o)
 .text.libgcc   0x00001b1a        0x0 c:/winavr-20100110/bin/../lib/gcc/avr/4.3.3/avr5\libgcc.a(_clear_bss.o)
 .text.libgcc   0x00001b1a       0x38 c:/winavr-20100110/bin/../lib/gcc/avr/4.3.3/avr5\libgcc.a(_prologue.o)
                0x00001b1a                __prologue_saves__
 .text.libgcc   0x00001b52       0x36 c:/winavr-20100110/bin/../lib/gcc/avr/4.3.3/avr5\libgcc.a(_epilogue.o)
                0x00001b52                __epilogue_restores__
                0x00001b88                . = ALIGN (0x2)
 *(.fini9)
 .fini9         0x00001b88        0x0 c:/winavr-20100110/bin/../lib/gcc/avr/4.3.3/avr5\libgcc.a(_exit.o)
                0x00001b88                exit
                0x00001b88                _exit
 *(.fini9)
 *(.fini8)
 *(.fini8)
 *(.fini7)
 *(.fini7)
 *(.fini6)
 *(.fini6)
 *(.fini5)
 *(.fini5)
 *(.fini4)
 *(.fini4)
 *(.fini3)
 *(.fini3)
 *(.fini2)
 *(.fini2)
 *(.fini1)
 *(.fini1)
 *(.fini0)
 .fini0         0x00001b88        0x4 c:/winavr-20100110/bin/../lib/gcc/avr/4.3.3/avr5\libgcc.a(_exit.o)
 *(.fini0)
                0x00001b8c                _etext = .

.data           0x00800060      0x176 load address 0x00001b8c
                0x00800060                PROVIDE (__data_start, .)
 *(.data)
 .data          0x00800060        0x0 c:/winavr-20100110/bin/../lib/gcc/avr/4.3.3/../../../../avr/lib/avr5/crtm32.o
 .data          0x00800060        0x0 ./MCAL/Timer_Driver/Timer_program.o
 .data          0x00800060        0x0 ./MCAL/SPI_Driver/SPI_Program.o
 .data          0x00800060        0x0 ./MCAL/GPIO_Driver/GPIO_Program.o
 .data          0x00800060        0x0 ./MCAL/Ex_Interrupt_Driver/EXTI_program.o
 .data          0x00800060        0x0 ./HAL/UltrasonicSensor_Driver/Ultrasonic_program.o
 .data          0x00800060        0x0 ./HAL/LED_Driver/LED_program.o
 .data          0x00800060        0x0 ./HAL/LCD_Driver/LCD.o
 .data          0x00800060        0x0 ./HAL/DCMotor_Driver/DcMotor_Program.o
 .data          0x00800060        0x0 ./HAL/Button_Driver/Btn_program.o
 .data          0x00800060       0x69 ./Application_Layer/App.o
 .data          0x008000c9        0x0 ./main.o
 .data          0x008000c9        0x0 c:/winavr-20100110/bin/../lib/gcc/avr/4.3.3/avr5\libgcc.a(_udivmodhi4.o)
 .data          0x008000c9        0x0 c:/winavr-20100110/bin/../lib/gcc/avr/4.3.3/avr5\libgcc.a(_divmodhi4.o)
 .data          0x008000c9        0x0 c:/winavr-20100110/bin/../lib/gcc/avr/4.3.3/avr5\libgcc.a(_exit.o)
 .data          0x008000c9        0x0 c:/winavr-20100110/bin/../lib/gcc/avr/4.3.3/avr5\libgcc.a(_copy_data.o)
 .data          0x008000c9        0x0 c:/winavr-20100110/bin/../lib/gcc/avr/4.3.3/avr5\libgcc.a(_clear_bss.o)
 .data          0x008000c9        0x0 c:/winavr-20100110/bin/../lib/gcc/avr/4.3.3/avr5\libgcc.a(_gt_sf.o)
 .data          0x008000c9        0x0 c:/winavr-20100110/bin/../lib/gcc/avr/4.3.3/avr5\libgcc.a(_lt_sf.o)
 .data          0x008000c9        0x0 c:/winavr-20100110/bin/../lib/gcc/avr/4.3.3/avr5\libgcc.a(_sf_to_si.o)
 .data          0x008000c9        0x0 c:/winavr-20100110/bin/../lib/gcc/avr/4.3.3/avr5\libgcc.a(_usi_to_sf.o)
 .data          0x008000c9        0x0 c:/winavr-20100110/bin/../lib/gcc/avr/4.3.3/avr5\libgcc.a(_prologue.o)
 .data          0x008000c9        0x0 c:/winavr-20100110/bin/../lib/gcc/avr/4.3.3/avr5\libgcc.a(_epilogue.o)
 .data          0x008000c9        0x0 c:/winavr-20100110/bin/../lib/gcc/avr/4.3.3/avr5\libgcc.a(_clzsi2.o)
 .data          0x008000c9        0x0 c:/winavr-20100110/bin/../lib/gcc/avr/4.3.3/avr5\libgcc.a(_pack_sf.o)
 .data          0x008000c9        0x0 c:/winavr-20100110/bin/../lib/gcc/avr/4.3.3/avr5\libgcc.a(_unpack_sf.o)
 .data          0x008000c9        0x0 c:/winavr-20100110/bin/../lib/gcc/avr/4.3.3/avr5\libgcc.a(_fpcmp_parts_sf.o)
 .data          0x008000c9      0x100 c:/winavr-20100110/bin/../lib/gcc/avr/4.3.3/avr5\libgcc.a(_clz.o)
                0x008000c9                __clz_tab
 *(.data*)
 .data.M_arr    0x008001c9        0xc ./HAL/DCMotor_Driver/DcMotor_Program.o
                0x008001c9                M_arr
 *(.rodata)
 *(.rodata*)
 *(.gnu.linkonce.d*)
                0x008001d6                . = ALIGN (0x2)
 *fill*         0x008001d5        0x1 00
                0x008001d6                _edata = .
                0x008001d6                PROVIDE (__data_end, .)

.bss            0x008001d6       0x33
                0x008001d6                PROVIDE (__bss_start, .)
 *(.bss)
 .bss           0x008001d6        0x0 c:/winavr-20100110/bin/../lib/gcc/avr/4.3.3/../../../../avr/lib/avr5/crtm32.o
 .bss           0x008001d6        0x0 ./MCAL/Timer_Driver/Timer_program.o
 .bss           0x008001d6        0x0 ./MCAL/SPI_Driver/SPI_Program.o
 .bss           0x008001d6        0x0 ./MCAL/GPIO_Driver/GPIO_Program.o
 .bss           0x008001d6        0x0 ./MCAL/Ex_Interrupt_Driver/EXTI_program.o
 .bss           0x008001d6        0x0 ./HAL/UltrasonicSensor_Driver/Ultrasonic_program.o
 .bss           0x008001d6        0x0 ./HAL/LED_Driver/LED_program.o
 .bss           0x008001d6        0x0 ./HAL/LCD_Driver/LCD.o
 .bss           0x008001d6        0x0 ./HAL/DCMotor_Driver/DcMotor_Program.o
 .bss           0x008001d6        0x0 ./HAL/Button_Driver/Btn_program.o
 .bss           0x008001d6        0x0 ./Application_Layer/App.o
 .bss           0x008001d6        0x0 ./main.o
 .bss           0x008001d6        0x0 c:/winavr-20100110/bin/../lib/gcc/avr/4.3.3/avr5\libgcc.a(_udivmodhi4.o)
 .bss           0x008001d6        0x0 c:/winavr-20100110/bin/../lib/gcc/avr/4.3.3/avr5\libgcc.a(_divmodhi4.o)
 .bss           0x008001d6        0x0 c:/winavr-20100110/bin/../lib/gcc/avr/4.3.3/avr5\libgcc.a(_exit.o)
 .bss           0x008001d6        0x0 c:/winavr-20100110/bin/../lib/gcc/avr/4.3.3/avr5\libgcc.a(_copy_data.o)
 .bss           0x008001d6        0x0 c:/winavr-20100110/bin/../lib/gcc/avr/4.3.3/avr5\libgcc.a(_clear_bss.o)
 .bss           0x008001d6        0x0 c:/winavr-20100110/bin/../lib/gcc/avr/4.3.3/avr5\libgcc.a(_gt_sf.o)
 .bss           0x008001d6        0x0 c:/winavr-20100110/bin/../lib/gcc/avr/4.3.3/avr5\libgcc.a(_lt_sf.o)
 .bss           0x008001d6        0x0 c:/winavr-20100110/bin/../lib/gcc/avr/4.3.3/avr5\libgcc.a(_sf_to_si.o)
 .bss           0x008001d6        0x0 c:/winavr-20100110/bin/../lib/gcc/avr/4.3.3/avr5\libgcc.a(_usi_to_sf.o)
 .bss           0x008001d6        0x0 c:/winavr-20100110/bin/../lib/gcc/avr/4.3.3/avr5\libgcc.a(_prologue.o)
 .bss           0x008001d6        0x0 c:/winavr-20100110/bin/../lib/gcc/avr/4.3.3/avr5\libgcc.a(_epilogue.o)
 .bss           0x008001d6        0x0 c:/winavr-20100110/bin/../lib/gcc/avr/4.3.3/avr5\libgcc.a(_clzsi2.o)
 .bss           0x008001d6        0x0 c:/winavr-20100110/bin/../lib/gcc/avr/4.3.3/avr5\libgcc.a(_pack_sf.o)
 .bss           0x008001d6        0x0 c:/winavr-20100110/bin/../lib/gcc/avr/4.3.3/avr5\libgcc.a(_unpack_sf.o)
 .bss           0x008001d6        0x0 c:/winavr-20100110/bin/../lib/gcc/avr/4.3.3/avr5\libgcc.a(_fpcmp_parts_sf.o)
 .bss           0x008001d6        0x0 c:/winavr-20100110/bin/../lib/gcc/avr/4.3.3/avr5\libgcc.a(_clz.o)
 *(.bss*)
 .bss.Timer0_CallBack
                0x008001d6        0x4 ./MCAL/Timer_Driver/Timer_program.o
 .bss.Timer1_CallBack
                0x008001da        0x6 ./MCAL/Timer_Driver/Timer_program.o
 .bss.Timer2_CallBack
                0x008001e0        0x4 ./MCAL/Timer_Driver/Timer_program.o
 .bss.EXTI_CallBack
                0x008001e4        0x6 ./MCAL/Ex_Interrupt_Driver/EXTI_program.o
 .bss.sensorWorking
                0x008001ea        0x1 ./HAL/UltrasonicSensor_Driver/Ultrasonic_program.o
 .bss.timerConter
                0x008001eb        0x1 ./HAL/UltrasonicSensor_Driver/Ultrasonic_program.o
 .bss.risingEdge
                0x008001ec        0x1 ./HAL/UltrasonicSensor_Driver/Ultrasonic_program.o
 .bss.distance  0x008001ed        0x4 ./HAL/UltrasonicSensor_Driver/Ultrasonic_program.o
 .bss.T1_CounterOverflow
                0x008001f1        0x4 ./Application_Layer/App.o
                0x008001f1                T1_CounterOverflow
 .bss.T1_Flag   0x008001f5        0x4 ./Application_Layer/App.o
                0x008001f5                T1_Flag
 .bss.BtnState  0x008001f9        0x1 ./Application_Layer/App.o
                0x008001f9                BtnState
 *(COMMON)
 COMMON         0x008001fa        0x1 ./MCAL/SPI_Driver/SPI_Program.o
                0x008001fa                DataRecieved
 COMMON         0x008001fb        0xe ./Application_Layer/App.o
                0x008001fb                DistanceArr
                0x00800205                Distance
                0x00800209                PROVIDE (__bss_end, .)
                0x00001b8c                __data_load_start = LOADADDR (.data)
                0x00001d02                __data_load_end = (__data_load_start + SIZEOF (.data))

.noinit         0x00800209        0x0
                0x00800209                PROVIDE (__noinit_start, .)
 *(.noinit*)
                0x00800209                PROVIDE (__noinit_end, .)
                0x00800209                _end = .
                0x00800209                PROVIDE (__heap_start, .)

.eeprom         0x00810000        0x0
 *(.eeprom*)
                0x00810000                __eeprom_end = .

.fuse
 *(.fuse)
 *(.lfuse)
 *(.hfuse)
 *(.efuse)

.lock
 *(.lock*)

.signature
 *(.signature*)

.stab
 *(.stab)

.stabstr
 *(.stabstr)

.stab.excl
 *(.stab.excl)

.stab.exclstr
 *(.stab.exclstr)

.stab.index
 *(.stab.index)

.stab.indexstr
 *(.stab.indexstr)

.comment
 *(.comment)

.debug
 *(.debug)

.line
 *(.line)

.debug_srcinfo
 *(.debug_srcinfo)

.debug_sfnames
 *(.debug_sfnames)

.debug_aranges  0x00000000      0x100
 *(.debug_aranges)
 .debug_aranges
                0x00000000       0x20 c:/winavr-20100110/bin/../lib/gcc/avr/4.3.3/avr5\libgcc.a(_gt_sf.o)
 .debug_aranges
                0x00000020       0x20 c:/winavr-20100110/bin/../lib/gcc/avr/4.3.3/avr5\libgcc.a(_lt_sf.o)
 .debug_aranges
                0x00000040       0x20 c:/winavr-20100110/bin/../lib/gcc/avr/4.3.3/avr5\libgcc.a(_sf_to_si.o)
 .debug_aranges
                0x00000060       0x20 c:/winavr-20100110/bin/../lib/gcc/avr/4.3.3/avr5\libgcc.a(_usi_to_sf.o)
 .debug_aranges
                0x00000080       0x20 c:/winavr-20100110/bin/../lib/gcc/avr/4.3.3/avr5\libgcc.a(_clzsi2.o)
 .debug_aranges
                0x000000a0       0x20 c:/winavr-20100110/bin/../lib/gcc/avr/4.3.3/avr5\libgcc.a(_pack_sf.o)
 .debug_aranges
                0x000000c0       0x20 c:/winavr-20100110/bin/../lib/gcc/avr/4.3.3/avr5\libgcc.a(_unpack_sf.o)
 .debug_aranges
                0x000000e0       0x20 c:/winavr-20100110/bin/../lib/gcc/avr/4.3.3/avr5\libgcc.a(_fpcmp_parts_sf.o)

.debug_pubnames
                0x00000000      0x125
 *(.debug_pubnames)
 .debug_pubnames
                0x00000000       0x1e c:/winavr-20100110/bin/../lib/gcc/avr/4.3.3/avr5\libgcc.a(_gt_sf.o)
 .debug_pubnames
                0x0000001e       0x1e c:/winavr-20100110/bin/../lib/gcc/avr/4.3.3/avr5\libgcc.a(_lt_sf.o)
 .debug_pubnames
                0x0000003c       0x20 c:/winavr-20100110/bin/../lib/gcc/avr/4.3.3/avr5\libgcc.a(_sf_to_si.o)
 .debug_pubnames
                0x0000005c       0x24 c:/winavr-20100110/bin/../lib/gcc/avr/4.3.3/avr5\libgcc.a(_usi_to_sf.o)
 .debug_pubnames
                0x00000080       0x1f c:/winavr-20100110/bin/../lib/gcc/avr/4.3.3/avr5\libgcc.a(_clzsi2.o)
 .debug_pubnames
                0x0000009f       0x1f c:/winavr-20100110/bin/../lib/gcc/avr/4.3.3/avr5\libgcc.a(_pack_sf.o)
 .debug_pubnames
                0x000000be       0x21 c:/winavr-20100110/bin/../lib/gcc/avr/4.3.3/avr5\libgcc.a(_unpack_sf.o)
 .debug_pubnames
                0x000000df       0x26 c:/winavr-20100110/bin/../lib/gcc/avr/4.3.3/avr5\libgcc.a(_fpcmp_parts_sf.o)
 .debug_pubnames
                0x00000105       0x20 c:/winavr-20100110/bin/../lib/gcc/avr/4.3.3/avr5\libgcc.a(_clz.o)

.debug_info     0x00000000     0x12b4
 *(.debug_info)
 .debug_info    0x00000000      0x27f c:/winavr-20100110/bin/../lib/gcc/avr/4.3.3/avr5\libgcc.a(_gt_sf.o)
 .debug_info    0x0000027f      0x27f c:/winavr-20100110/bin/../lib/gcc/avr/4.3.3/avr5\libgcc.a(_lt_sf.o)
 .debug_info    0x000004fe      0x2b0 c:/winavr-20100110/bin/../lib/gcc/avr/4.3.3/avr5\libgcc.a(_sf_to_si.o)
 .debug_info    0x000007ae      0x206 c:/winavr-20100110/bin/../lib/gcc/avr/4.3.3/avr5\libgcc.a(_usi_to_sf.o)
 .debug_info    0x000009b4      0x117 c:/winavr-20100110/bin/../lib/gcc/avr/4.3.3/avr5\libgcc.a(_clzsi2.o)
 .debug_info    0x00000acb      0x2df c:/winavr-20100110/bin/../lib/gcc/avr/4.3.3/avr5\libgcc.a(_pack_sf.o)
 .debug_info    0x00000daa      0x251 c:/winavr-20100110/bin/../lib/gcc/avr/4.3.3/avr5\libgcc.a(_unpack_sf.o)
 .debug_info    0x00000ffb      0x210 c:/winavr-20100110/bin/../lib/gcc/avr/4.3.3/avr5\libgcc.a(_fpcmp_parts_sf.o)
 .debug_info    0x0000120b       0xa9 c:/winavr-20100110/bin/../lib/gcc/avr/4.3.3/avr5\libgcc.a(_clz.o)
 *(.gnu.linkonce.wi.*)

.debug_abbrev   0x00000000      0xb07
 *(.debug_abbrev)
 .debug_abbrev  0x00000000      0x15a c:/winavr-20100110/bin/../lib/gcc/avr/4.3.3/avr5\libgcc.a(_gt_sf.o)
 .debug_abbrev  0x0000015a      0x15a c:/winavr-20100110/bin/../lib/gcc/avr/4.3.3/avr5\libgcc.a(_lt_sf.o)
 .debug_abbrev  0x000002b4      0x17f c:/winavr-20100110/bin/../lib/gcc/avr/4.3.3/avr5\libgcc.a(_sf_to_si.o)
 .debug_abbrev  0x00000433      0x157 c:/winavr-20100110/bin/../lib/gcc/avr/4.3.3/avr5\libgcc.a(_usi_to_sf.o)
 .debug_abbrev  0x0000058a       0xc4 c:/winavr-20100110/bin/../lib/gcc/avr/4.3.3/avr5\libgcc.a(_clzsi2.o)
 .debug_abbrev  0x0000064e      0x1c0 c:/winavr-20100110/bin/../lib/gcc/avr/4.3.3/avr5\libgcc.a(_pack_sf.o)
 .debug_abbrev  0x0000080e      0x154 c:/winavr-20100110/bin/../lib/gcc/avr/4.3.3/avr5\libgcc.a(_unpack_sf.o)
 .debug_abbrev  0x00000962      0x13b c:/winavr-20100110/bin/../lib/gcc/avr/4.3.3/avr5\libgcc.a(_fpcmp_parts_sf.o)
 .debug_abbrev  0x00000a9d       0x6a c:/winavr-20100110/bin/../lib/gcc/avr/4.3.3/avr5\libgcc.a(_clz.o)

.debug_line     0x00000000      0x90f
 *(.debug_line)
 .debug_line    0x00000000       0xd3 c:/winavr-20100110/bin/../lib/gcc/avr/4.3.3/avr5\libgcc.a(_gt_sf.o)
 .debug_line    0x000000d3       0xd3 c:/winavr-20100110/bin/../lib/gcc/avr/4.3.3/avr5\libgcc.a(_lt_sf.o)
 .debug_line    0x000001a6      0x109 c:/winavr-20100110/bin/../lib/gcc/avr/4.3.3/avr5\libgcc.a(_sf_to_si.o)
 .debug_line    0x000002af      0x133 c:/winavr-20100110/bin/../lib/gcc/avr/4.3.3/avr5\libgcc.a(_usi_to_sf.o)
 .debug_line    0x000003e2       0xa5 c:/winavr-20100110/bin/../lib/gcc/avr/4.3.3/avr5\libgcc.a(_clzsi2.o)
 .debug_line    0x00000487      0x18a c:/winavr-20100110/bin/../lib/gcc/avr/4.3.3/avr5\libgcc.a(_pack_sf.o)
 .debug_line    0x00000611      0x14b c:/winavr-20100110/bin/../lib/gcc/avr/4.3.3/avr5\libgcc.a(_unpack_sf.o)
 .debug_line    0x0000075c      0x137 c:/winavr-20100110/bin/../lib/gcc/avr/4.3.3/avr5\libgcc.a(_fpcmp_parts_sf.o)
 .debug_line    0x00000893       0x7c c:/winavr-20100110/bin/../lib/gcc/avr/4.3.3/avr5\libgcc.a(_clz.o)

.debug_frame    0x00000000      0x100
 *(.debug_frame)
 .debug_frame   0x00000000       0x20 c:/winavr-20100110/bin/../lib/gcc/avr/4.3.3/avr5\libgcc.a(_gt_sf.o)
 .debug_frame   0x00000020       0x20 c:/winavr-20100110/bin/../lib/gcc/avr/4.3.3/avr5\libgcc.a(_lt_sf.o)
 .debug_frame   0x00000040       0x20 c:/winavr-20100110/bin/../lib/gcc/avr/4.3.3/avr5\libgcc.a(_sf_to_si.o)
 .debug_frame   0x00000060       0x20 c:/winavr-20100110/bin/../lib/gcc/avr/4.3.3/avr5\libgcc.a(_usi_to_sf.o)
 .debug_frame   0x00000080       0x20 c:/winavr-20100110/bin/../lib/gcc/avr/4.3.3/avr5\libgcc.a(_clzsi2.o)
 .debug_frame   0x000000a0       0x20 c:/winavr-20100110/bin/../lib/gcc/avr/4.3.3/avr5\libgcc.a(_pack_sf.o)
 .debug_frame   0x000000c0       0x20 c:/winavr-20100110/bin/../lib/gcc/avr/4.3.3/avr5\libgcc.a(_unpack_sf.o)
 .debug_frame   0x000000e0       0x20 c:/winavr-20100110/bin/../lib/gcc/avr/4.3.3/avr5\libgcc.a(_fpcmp_parts_sf.o)

.debug_str      0x00000000      0x232
 *(.debug_str)
 .debug_str     0x00000000      0x146 c:/winavr-20100110/bin/../lib/gcc/avr/4.3.3/avr5\libgcc.a(_gt_sf.o)
                                0x195 (size before relaxing)
 .debug_str     0x00000146        0x8 c:/winavr-20100110/bin/../lib/gcc/avr/4.3.3/avr5\libgcc.a(_lt_sf.o)
                                0x195 (size before relaxing)
 .debug_str     0x0000014e       0x17 c:/winavr-20100110/bin/../lib/gcc/avr/4.3.3/avr5\libgcc.a(_sf_to_si.o)
                                0x19e (size before relaxing)
 .debug_str     0x00000165       0x21 c:/winavr-20100110/bin/../lib/gcc/avr/4.3.3/avr5\libgcc.a(_usi_to_sf.o)
                                0x177 (size before relaxing)
 .debug_str     0x00000186       0x81 c:/winavr-20100110/bin/../lib/gcc/avr/4.3.3/avr5\libgcc.a(_clzsi2.o)
                                0x111 (size before relaxing)
 .debug_str     0x00000207       0x10 c:/winavr-20100110/bin/../lib/gcc/avr/4.3.3/avr5\libgcc.a(_pack_sf.o)
                                0x19d (size before relaxing)
 .debug_str     0x00000217        0xb c:/winavr-20100110/bin/../lib/gcc/avr/4.3.3/avr5\libgcc.a(_unpack_sf.o)
                                0x17f (size before relaxing)
 .debug_str     0x00000222       0x10 c:/winavr-20100110/bin/../lib/gcc/avr/4.3.3/avr5\libgcc.a(_fpcmp_parts_sf.o)
                                0x163 (size before relaxing)
 .debug_str     0x00000000       0xf4 c:/winavr-20100110/bin/../lib/gcc/avr/4.3.3/avr5\libgcc.a(_clz.o)

.debug_loc      0x00000000      0x410
 *(.debug_loc)
 .debug_loc     0x00000000       0x3c c:/winavr-20100110/bin/../lib/gcc/avr/4.3.3/avr5\libgcc.a(_gt_sf.o)
 .debug_loc     0x0000003c       0x3c c:/winavr-20100110/bin/../lib/gcc/avr/4.3.3/avr5\libgcc.a(_lt_sf.o)
 .debug_loc     0x00000078       0x7e c:/winavr-20100110/bin/../lib/gcc/avr/4.3.3/avr5\libgcc.a(_sf_to_si.o)
 .debug_loc     0x000000f6       0x4c c:/winavr-20100110/bin/../lib/gcc/avr/4.3.3/avr5\libgcc.a(_usi_to_sf.o)
 .debug_loc     0x00000142       0x94 c:/winavr-20100110/bin/../lib/gcc/avr/4.3.3/avr5\libgcc.a(_clzsi2.o)
 .debug_loc     0x000001d6      0x13e c:/winavr-20100110/bin/../lib/gcc/avr/4.3.3/avr5\libgcc.a(_pack_sf.o)
 .debug_loc     0x00000314       0xac c:/winavr-20100110/bin/../lib/gcc/avr/4.3.3/avr5\libgcc.a(_unpack_sf.o)
 .debug_loc     0x000003c0       0x50 c:/winavr-20100110/bin/../lib/gcc/avr/4.3.3/avr5\libgcc.a(_fpcmp_parts_sf.o)

.debug_macinfo
 *(.debug_macinfo)
OUTPUT(Avoidance_App.elf elf32-avr)
LOAD linker stubs
